// Jest Snapshot v1, https://goo.gl/fbAQLP

exports[`Task should create snapshot 1`] = `
TaskSnapshot {
  "archivedAt": null,
  "assigneeId": AssigneeId {
    "_id": UniqueEntityId {
      "value": "27f0ca32-e888-4fcc-9908-b24bf152573d",
    },
    "props": null,
  },
  "createdAt": 1977-01-01T00:00:00.000Z,
  "description": Description {
    "props": Object {
      "value": "Lorem ipsum",
    },
  },
  "discardedAt": null,
  "editedAt": null,
  "isArchived": false,
  "isDiscarded": false,
  "isTickedOff": false,
  "ownerId": OwnerId {
    "_id": UniqueEntityId {
      "value": "74d21847-3298-4775-aaf8-942fed0f53e7",
    },
    "props": null,
  },
  "resumedAt": null,
  "taskId": TaskId {
    "_id": UniqueEntityId {
      "value": "8bb2a83e-cf7e-46d7-a7b0-49f49d94c460",
    },
    "props": null,
  },
  "tickedOffAt": null,
}
`;
